
> synkroo@0.1.0 test
> jest --runInBand

PASS src/components/calendar/__tests__/ProfessionalsView.scaling.test.tsx
PASS src/components/contacts/__tests__/contact-detail-panel.test.tsx
PASS src/modules/crm/__tests__/owner-bridge-actions.test.ts
PASS src/components/pi-finance/__tests__/slice-c-drilldowns.test.tsx
PASS src/__tests__/api/reports/export/route.test.ts
PASS src/components/calendar/__tests__/DayView.behavior.test.tsx
PASS src/core/agent-bridge/__tests__/catalog-filter.test.ts
PASS src/components/calendar/__tests__/useCalendarEvents-ui-shape.test.ts
PASS src/lib/hooks/__tests__/use-contact-duplicate-suggestion.test.tsx
PASS src/__tests__/architecture/boundary-rules.test.ts
PASS src/components/contacts/__tests__/contact-list-panel-readonly.test.tsx
PASS src/components/pi-finance/__tests__/pi-finance-app.test.tsx
PASS src/components/calendar/__tests__/MonthView.day-cell.test.tsx
PASS src/components/calendar/__tests__/WeekView.behavior.test.tsx
PASS src/core/ia-channel/__tests__/agent-invoker.test.ts
PASS src/lib/__tests__/rate-limit.test.ts
PASS src/core/ia-agent/__tests__/personas.test.ts
PASS src/modules/comercial/actions/__tests__/registry.test.ts
PASS src/modules/crm/__tests__/routes.test.ts
PASS src/components/pi-finance/__tests__/quick-action-dialog.test.tsx
PASS src/core/actions/__tests__/bootstrap.test.ts
PASS src/__tests__/api/patients/patient-preferences.test.ts
PASS src/lib/__tests__/retry.test.ts
PASS src/modules/financeiro/actions/__tests__/financeiro-actions.test.ts
PASS src/__tests__/whatsapp.webhook.test.ts
PASS src/app/api/cron/followups/route.test.ts
PASS src/app/api/instagram/webhook/__tests__/route.test.ts
PASS src/__tests__/api/patients/inactive.route.test.ts
PASS src/modules/crm/__tests__/owner-merge-registry-guard.test.ts
PASS src/app/api/whatsapp/webhook/__tests__/route.test.ts
PASS src/app/api/messages/inbound/__tests__/route.security.test.ts
PASS src/lib/ui/__tests__/menu-actions.test.ts
PASS src/core/actions/__tests__/context.test.ts
PASS src/modules/operacional/__tests__/mesclar-pacientes.test.ts
PASS src/modules/financeiro/services/__tests__/collection-service.test.ts
PASS src/services/patients/__tests__/patient-history.service.test.ts
PASS src/__tests__/api/clinics/settings/route.test.ts
PASS src/__tests__/api/contacts/appointments/route.test.ts
PASS src/app/api/auth/__tests__/jwt-auth.test.ts
PASS src/modules/crm/__tests__/duplicate-routes.test.ts
PASS src/__tests__/architecture/stale-legacy-contracts.test.ts
PASS src/core/rbac/__tests__/seed.test.ts
PASS src/components/contacts/__tests__/contact-detail-panel-readonly.test.tsx
PASS src/modules/crm/__tests__/schema/duplicates-schema.test.ts
PASS src/modules/comercial/services/__tests__/lead-conversion-service.test.ts
PASS src/components/contacts/__tests__/duplicate-tab.test.tsx
PASS src/__tests__/api/leads/convert/route.test.ts
PASS src/components/contacts/__tests__/duplicate-queue-panel.test.tsx
PASS src/components/pi-finance/__tests__/accounts-view.test.tsx
PASS src/__tests__/api/leads/id/route.test.ts
PASS src/__tests__/api/dashboard/alerts/route.test.ts
PASS src/modules/financeiro/__tests__/routes.test.ts
PASS src/components/pi-finance/__tests__/reports-view.test.tsx
PASS src/modules/operacional/services/__tests__/patient-merge-state-service.test.ts
PASS src/__tests__/api/seed/route.test.ts
PASS src/modules/crm/__tests__/duplicate-execution-service.test.ts
PASS src/lib/db/__tests__/client.test.ts
PASS src/__tests__/api/budgets/send/route.test.ts
PASS src/services/contacts/__tests__/timeline.service.test.ts
PASS src/__tests__/api/pipeline/analytics/route.test.ts
PASS src/__tests__/api/leads/kanban/route.test.ts
PASS src/__tests__/api/tasks/route.test.ts
PASS src/modules/comercial/__tests__/mesclar-leads.test.ts
PASS src/components/financeiro/__tests__/FinanceDashboard.test.tsx
PASS src/__tests__/api/leads/stage/route.test.ts
PASS src/services/waitlist/__tests__/waitlist.service.test.ts
PASS src/components/pi-finance/__tests__/wealth-view.test.tsx
PASS src/modules/financeiro/actions/__tests__/installments-actions.test.ts
PASS src/services/appointments/__tests__/incomplete-treatment.service.test.ts
PASS src/modules/crm/__tests__/action-taxonomy.test.ts
PASS src/__tests__/api/treatment-plans/sessions/route.test.ts
PASS src/app/api/reports/export/route.test.ts
PASS src/app/api/auth/switch-clinic/route.test.ts
PASS src/__tests__/api/dashboard/stats/route.test.ts
PASS src/__tests__/api/appointments/conflict-detection.test.ts
PASS src/modules/crm/__tests__/reprocessar-sugestoes-duplicidade.test.ts
PASS src/__tests__/api/reports/patients/route.test.ts
PASS src/__tests__/api/lgpd/anonymize/route.test.ts
PASS src/services/patients/__tests__/patient-dedup.service.test.ts
PASS src/services/payments/__tests__/payment.service.test.ts
PASS src/modules/crm/__tests__/manifest-duplicates.test.ts
PASS src/__tests__/api/lgpd/export/route.test.ts
PASS src/app/api/knowledge/__tests__/write-route.test.ts
PASS src/services/custom-fields/__tests__/definitions.service.test.ts
PASS src/services/analytics/__tests__/analytics.service.test.ts
PASS src/modules/financeiro/gateways/__tests__/routing.test.ts
PASS src/modules/comercial/services/__tests__/lead-capture-service.test.ts
PASS src/services/installments/__tests__/installment.service.test.ts
PASS src/services/analytics/__tests__/noshow-prediction.service.test.ts
PASS src/__tests__/api/campaigns/id/route.test.ts
PASS src/modules/comercial/services/__tests__/hot-lead-notification-service.test.ts
PASS src/modules/crm/__tests__/duplicate-review-actions.test.ts
PASS src/components/financeiro/__tests__/financeiro-client.test.tsx
PASS src/__tests__/api/knowledge/search/route.test.ts
PASS src/modules/comercial/__tests__/routes/gates.test.ts
PASS src/services/patients/__tests__/patient-tags.service.test.ts
PASS src/services/patients/__tests__/patient-preferences.service.test.ts
PASS src/services/appointments/__tests__/confirmation-handler.service.test.ts
PASS src/modules/crm/__tests__/contact-actions.test.ts
PASS src/services/reports/__tests__/financial-reports.service.test.ts
PASS src/__tests__/middleware.security.test.ts
PASS src/services/analytics/__tests__/attendance-metrics.service.test.ts
PASS src/modules/followup/services/__tests__/registrar-followup.test.ts
PASS src/modules/followup/services/__tests__/followup-service.test.ts
PASS src/modules/crm/__tests__/crm-duplicates-cron.test.ts
PASS src/lib/embeddings/__tests__/search.tenant.test.ts
PASS src/modules/core/services/__tests__/access-service.test.ts
PASS src/__tests__/api/health/route.test.ts
PASS src/components/pi-finance/__tests__/payables-tab.test.tsx
PASS src/modules/comercial/services/__tests__/merge-state-service.test.ts
PASS src/__tests__/api/campaigns/segments/preview/route.test.ts
PASS src/modules/atendimento/services/__tests__/channel.test.ts
PASS src/modules/atendimento/integrations/__tests__/resolve-channel-installation.test.ts
PASS src/services/reminders/__tests__/procedure-reminder-config.service.test.ts
PASS src/services/analytics/__tests__/roi.service.test.ts
PASS src/lib/mocks/__tests__/use-mock-router.test.ts
PASS src/modules/financeiro/repositories/__tests__/financeiro-repository.test.ts
PASS src/lib/auth/__tests__/session.revocation.test.ts
PASS src/components/calendar/__tests__/ScheduleSummaryBar.test.tsx
PASS src/core/actions/__tests__/run.test.ts
PASS src/__tests__/architecture/test-file-discovery.test.ts
PASS src/__tests__/api/knowledge/categories/route.test.ts
PASS src/modules/followup/services/__tests__/inactive-service.test.ts
PASS src/services/followup/__tests__/segmentation.service.test.ts
PASS src/services/contacts/__tests__/contacts.service.test.ts
PASS src/components/pi-finance/__tests__/cards-view.test.tsx
PASS src/modules/crm/__tests__/contact-read-model.test.ts
PASS src/lib/hooks/__tests__/contacts-mutations.test.tsx
PASS src/core/actions/__tests__/audit-writer.test.ts
PASS src/__tests__/api/budgets/installments/route.test.ts
PASS src/services/followup/__tests__/inactive-patient.service.test.ts
PASS src/services/followup/__tests__/budget-followup.service.test.ts
PASS src/lib/auth/__tests__/session.test.ts
PASS src/app/api/whatsapp/evolution/route.test.ts
PASS src/modules/crm/__tests__/duplicate-detection-service.test.ts
PASS src/services/followup/__tests__/followup.service.test.ts
PASS src/lib/idempotency/__tests__/idempotency.test.ts
PASS src/modules/core/__tests__/actions.test.ts
PASS src/core/agent-bridge/__tests__/bridge-service.test.ts
PASS src/core/agent-bridge/__tests__/bridge-failures.test.ts
PASS src/app/api/financeiro/webhooks/[provider]/route.test.ts
PASS src/app/api/cron/crm-duplicates/route.test.ts
PASS src/services/custom-fields/__tests__/values.service.test.ts
PASS src/services/budgets/__tests__/budget.service.test.ts
PASS src/components/calendar/__tests__/AppointmentOriginBadge.test.tsx
PASS src/modules/core/ui/__tests__/PermissionMatrix.test.tsx
PASS src/modules/atendimento/services/__tests__/channel-service-imports.test.ts
PASS src/services/contacts/__tests__/consents.service.test.ts
PASS src/core/rbac/__tests__/sync-role-permissions.test.ts
PASS src/__tests__/api/campaigns/start/route.test.ts
PASS src/__tests__/api/appointments/contract.test.ts
PASS src/modules/crm/__tests__/duplicate-scoring-service.test.ts
PASS src/core/modules/__tests__/manifest.test.ts
PASS src/__tests__/api/budgets/id/route.test.ts
PASS src/components/calendar/__tests__/AppointmentChangeSummary.test.tsx
PASS src/core/rbac/__tests__/agent-access.test.ts
PASS src/__tests__/api/pipeline/stages/route.test.ts
PASS src/__tests__/api/budgets/status/route.test.ts
PASS src/__tests__/api/instagram/webhook/contract.test.ts
PASS src/__tests__/api/campaigns/recipients/route.test.ts
PASS src/modules/comercial/__tests__/manifest-menu.test.ts
PASS src/__tests__/api/contract/response-format.test.ts
PASS src/__tests__/api/budgets/root/route.test.ts
PASS src/app/api/ia/__tests__/chat-route.test.ts
PASS src/lib/pi-finance/__tests__/selectors-extra.test.ts
PASS src/lib/api/__tests__/response.test.ts
PASS src/core/agent-bridge/__tests__/tool-policy.test.ts
PASS src/app/dashboard/contatos/page.test.tsx
PASS src/__tests__/e2e/seed-validation.test.ts
PASS src/modules/financeiro/lib/__tests__/crypto.test.ts
PASS src/app/api/admin/provision/route.test.ts
PASS src/lib/pi-finance/__tests__/actions.test.ts
PASS src/lib/mocks/__tests__/appointments-mock-integrity.test.ts
PASS src/modules/followup/actions/__tests__/executar-campanhas.test.ts
PASS src/app/api/auth/session/route.test.ts
PASS src/lib/outbox/__tests__/dispatch-outbox.test.ts
PASS src/lib/pi-finance/__tests__/format.test.ts
PASS src/__tests__/api/admin/run-migration/route.test.ts
PASS src/app/api/analytics/insights/route.test.ts
PASS src/lib/ui/__tests__/build-menu.test.ts
PASS src/core/ia-agent/__tests__/orchestrator-failures.test.ts
PASS src/core/actions/__tests__/registry.test.ts
PASS src/core/ia-channel/__tests__/webhook-router.test.ts
PASS src/core/agent-bridge/__tests__/security-matrix.test.ts
PASS src/__tests__/api/auth/auth.test.ts
PASS src/core/modules/__tests__/gates.test.ts
PASS src/core/agent-bridge/__tests__/tool-catalog.test.ts
PASS src/__tests__/security/headers.test.ts
PASS src/modules/operacional/services/__tests__/availability-service.test.ts
PASS src/modules/financeiro/services/__tests__/charge-service.test.ts
PASS src/modules/atendimento/actions/__tests__/enviar-mensagem-direta.test.ts
PASS src/app/api/internal/readiness/route.test.ts
PASS src/modules/crm/__tests__/owner-write-hooks.test.ts
PASS src/core/ia-agent/__tests__/orchestrator-logic.test.ts
PASS src/lib/__tests__/domain-boundaries.test.ts
PASS src/core/rbac/__tests__/grouped-catalog.test.ts
PASS src/modules/followup/services/__tests__/campaign-service.test.ts
PASS src/services/followup/__tests__/campaign-execution.test.ts
PASS src/app/dashboard/financeiro/page.test.tsx
PASS src/modules/financeiro/gateways/__tests__/asaas-webhook.test.ts
PASS src/lib/pi-finance/__tests__/selectors.test.ts
PASS src/core/rbac/__tests__/resolve.test.ts
PASS src/core/ia-agent/__tests__/provider-zen.test.ts
PASS src/modules/operacional/actions/__tests__/processar-confirmacao-resposta.security.test.ts
PASS src/modules/comercial/services/__tests__/lead-scoring-service.test.ts
PASS src/lib/pi-finance/__tests__/seed.test.ts
PASS src/__tests__/instrumentation.test.ts
PASS src/modules/followup/actions/__tests__/executar-followup.test.ts
PASS src/modules/financeiro/services/__tests__/installment-service.test.ts
PASS src/modules/financeiro/services/__tests__/budget-scope-service.test.ts
PASS src/modules/comercial/__tests__/listar-leads-quentes.test.ts
PASS src/core/rbac/__tests__/catalog.test.ts
PASS src/core/actions/__tests__/agent.test.ts
PASS src/core/agent-bridge/__tests__/handle.test.ts
PASS src/__tests__/cloudflare/remediation-config.test.ts
PASS src/modules/operacional/services/__tests__/patients-service.test.ts
PASS src/services/followup/__tests__/campaign.service.test.ts
PASS src/lib/security/__tests__/request-guards.test.ts
PASS src/lib/pi-finance/__tests__/types.test.ts
PASS src/lib/pi-finance/__tests__/storage.test.ts
PASS src/__tests__/security/audit-remediation-fixtures.test.ts
PASS src/__tests__/cloudflare/opennext-queue-config.test.ts
PASS src/modules/followup/actions/__tests__/detectar-inativos.test.ts
PASS src/app/api/cron/outbox/route.test.ts
PASS src/lib/pi-finance/__tests__/storage-browser.test.ts
PASS src/modules/followup/services/__tests__/budget-followup-service.test.ts
PASS src/modules/financeiro/__tests__/manifest.test.ts
PASS src/core/ia-channel/__tests__/interlocutor.test.ts
PASS src/modules/financeiro/__tests__/eslint-rules-collection-override.test.ts
PASS src/lib/embeddings/__tests__/generate.contract.test.ts

Test Suites: 230 passed, 230 total
Tests:       5 skipped, 1560 passed, 1565 total
Snapshots:   0 total
Time:        28.369 s, estimated 75 s
Ran all test suites.
